../Core/Src/main.c:70:13:PrivilegiosSVC	40	static,ignoring_inline_asm
../Core/Src/main.c:130:6:zeros	16	static
../Core/Src/main.c:139:6:productoEscalar32	32	static
../Core/Src/main.c:147:6:productoEscalar16	32	static
../Core/Src/main.c:155:6:productoEscalar12	32	static
../Core/Src/main.c:167:5:main	8	static
../Core/Src/main.c:215:6:SystemClock_Config	88	static
../Core/Src/main.c:261:13:MX_ETH_Init	8	static
../Core/Src/main.c:310:13:MX_USART3_UART_Init	8	static
../Core/Src/main.c:343:13:MX_USB_OTG_FS_PCD_Init	8	static
../Core/Src/main.c:378:13:MX_GPIO_Init	56	static
../Core/Src/main.c:432:6:Error_Handler	4	static,ignoring_inline_asm
